-0.185511
-0.370963
-0.556419
-0.741885
-0.927373
-1.11284
-1.29808
-1.48276
-1.66828
-1.85348
-2.03901
-2.22447
-2.40976
-2.59493
-2.78168
-2.96569
-3.15143
-3.33801
-3.52371
-3.70919
-3.89462
-4.08009
-4.26556
-4.451
-4.63639
-4.82192
-5.00731
-5.19284
-5.37829
-5.56375
-5.74921
-5.9346
-6.12013
-6.30559
-6.49105
-6.67651
-6.86196
-7.04742
-7.23281
-7.41834
-7.6038
-7.78918
-7.97472
-8.16017
-8.34556
-8.53109
-8.71655
-8.90201
-9.08747
-9.27293
-9.45838
-9.64384
-9.8293
-10.0148
-10.2002
-10.3857
-10.571
-10.7566
-10.9421
-11.1275
-11.313
-11.4984
-11.6839
-11.8693
-12.0548
-12.2403
-12.4256
-12.6112
-12.7966
-12.9821
-13.1676
-13.353
-13.5385
-13.7239
-13.9093
-14.0948
-14.2803
-14.4658
-14.6512
-14.8367
-15.0221
-15.2076
-15.3931
-15.5785
-15.764
-15.9494
-16.1349
-16.3203
-16.5058
-16.6913
-16.8767
-17.0622
-17.2476
-17.4331
-17.6186
-17.804
-17.9895
-18.1749
-18.3604
-18.5459
