-0.222482
-0.445047
-0.667548
-0.890083
-1.11261
-1.33515
-1.55809
-1.78087
-2.00334
-2.22596
-2.44855
-2.67111
-2.89371
-3.11633
-3.33879
-3.56154
-3.78406
-4.00654
-4.2291
-4.4517
-4.67426
-4.89685
-5.11945
-5.34202
-5.56455
-5.78719
-6.00973
-6.23236
-6.45494
-6.67753
-6.90011
-7.12264
-7.34528
-7.56786
-7.79045
-8.01303
-8.23562
-8.4582
-8.68073
-8.90337
-9.12595
-9.34849
-9.57112
-9.79371
-10.0162
-10.2389
-10.4615
-10.684
-10.9066
-11.1292
-11.3518
-11.5744
-11.797
-12.0195
-12.2421
-12.4647
-12.6872
-12.9099
-13.1325
-13.3551
-13.5776
-13.8002
-14.0228
-14.2453
-14.468
-14.6906
-14.9131
-15.1357
-15.3583
-15.5809
-15.8035
-16.0261
-16.2486
-16.4712
-16.6938
-16.9164
-17.139
-17.3616
-17.5842
-17.8067
-18.0293
-18.2519
-18.4745
-18.6971
-18.9197
-19.1422
-19.3648
-19.5874
-19.81
-20.0326
-20.2552
-20.4777
-20.7003
-20.9229
-21.1455
-21.3681
-21.5907
-21.8133
-22.0358
-22.2584
