-0.203175
-0.406714
-0.610015
-0.813465
-1.01681
-1.22029
-1.42529
-1.62917
-1.83268
-2.03633
-2.23996
-2.44356
-2.6472
-2.85084
-3.0544
-3.25814
-3.46171
-3.66528
-3.8689
-4.07254
-4.27614
-4.47977
-4.68341
-4.88703
-5.09059
-5.29428
-5.49785
-5.70153
-5.90516
-6.10878
-6.31241
-6.51598
-6.71966
-6.92329
-7.12691
-7.33054
-7.53417
-7.73779
-7.94136
-8.14504
-8.34867
-8.55224
-8.75592
-8.95955
-9.16312
-9.3668
-9.57043
-9.77405
-9.97768
-10.1813
-10.3849
-10.5886
-10.7922
-10.9958
-11.1994
-11.4031
-11.6066
-11.8103
-12.0139
-12.2176
-12.4212
-12.6248
-12.8284
-13.032
-13.2357
-13.4393
-13.6429
-13.8466
-14.0502
-14.2538
-14.4575
-14.6611
-14.8647
-15.0683
-15.2719
-15.4756
-15.6792
-15.8828
-16.0865
-16.2901
-16.4937
-16.6973
-16.901
-17.1046
-17.3082
-17.5118
-17.7155
-17.9191
-18.1227
-18.3263
-18.53
-18.7336
-18.9372
-19.1409
-19.3445
-19.5481
-19.7517
-19.9554
-20.159
-20.3626
