-0.213408
-0.426839
-0.640234
-0.853654
-1.06708
-1.2805
-1.49387
-1.70736
-1.92068
-2.13408
-2.34752
-2.56091
-2.77431
-2.9877
-3.20128
-3.41455
-3.62798
-3.84154
-4.055
-4.26844
-4.48183
-4.69526
-4.90869
-5.1221
-5.33546
-5.54895
-5.76231
-5.97579
-6.18921
-6.40263
-6.61605
-6.82941
-7.0429
-7.25632
-7.46974
-7.68316
-7.89658
-8.11
-8.32336
-8.53684
-8.75026
-8.96362
-9.17711
-9.39053
-9.60388
-9.81737
-10.0308
-10.2442
-10.4576
-10.6711
-10.8845
-11.0979
-11.3113
-11.5247
-11.7382
-11.9516
-12.1649
-12.3784
-12.5918
-12.8053
-13.0187
-13.2321
-13.4455
-13.6589
-13.8724
-14.0858
-14.2992
-14.5126
-14.7261
-14.9395
-15.1529
-15.3663
-15.5797
-15.7932
-16.0065
-16.22
-16.4334
-16.6468
-16.8603
-17.0737
-17.2871
-17.5005
-17.714
-17.9274
-18.1408
-18.3542
-18.5676
-18.7811
-18.9945
-19.2079
-19.4213
-19.6347
-19.8482
-20.0616
-20.275
-20.4884
-20.7018
-20.9153
-21.1287
-21.3421
