-0.024283
-0.0486103
-0.072901
-0.0972058
-0.121515
-0.14582
-0.170049
-0.194451
-0.218681
-0.242988
-0.26729
-0.29157
-0.315869
-0.340168
-0.364469
-0.388787
-0.41306
-0.437362
-0.461662
-0.48597
-0.51025
-0.534556
-0.558857
-0.583151
-0.607417
-0.631748
-0.656014
-0.680344
-0.704642
-0.72894
-0.753238
-0.777503
-0.801835
-0.826132
-0.85043
-0.874728
-0.899026
-0.923324
-0.947589
-0.971921
-0.996218
-1.02048
-1.04481
-1.06911
-1.09338
-1.11771
-1.14201
-1.1663
-1.1906
-1.2149
-1.2392
-1.2635
-1.2878
-1.31209
-1.33639
-1.36069
-1.3849
-1.40929
-1.43358
-1.45788
-1.48218
-1.50648
-1.53078
-1.55504
-1.57937
-1.60367
-1.62794
-1.65227
-1.67656
-1.70086
-1.72516
-1.74946
-1.77376
-1.79805
-1.82232
-1.84665
-1.87095
-1.89525
-1.91954
-1.94384
-1.96814
-1.99244
-2.01674
-2.04103
-2.06533
-2.08963
-2.11393
-2.13823
-2.16252
-2.18682
-2.21112
-2.23542
-2.25972
-2.28401
-2.30831
-2.33261
-2.35691
-2.38121
-2.4055
-2.4298
