-0.243757
-0.487565
-0.731326
-0.975107
-1.21889
-1.46267
-1.70648
-1.95045
-2.19412
-2.43793
-2.68172
-2.92548
-3.16928
-3.41308
-3.65682
-3.9007
-4.14444
-4.38818
-4.63196
-4.87576
-5.11953
-5.36332
-5.60712
-5.8509
-6.09463
-6.33847
-6.58221
-6.82605
-7.06983
-7.31362
-7.55741
-7.80114
-8.04498
-8.28877
-8.53256
-8.77635
-9.02013
-9.26392
-9.50765
-9.7515
-9.99528
-10.239
-10.4829
-10.7266
-10.9704
-11.2142
-11.458
-11.7018
-11.9456
-12.1894
-12.4332
-12.6769
-12.9207
-13.1645
-13.4083
-13.6521
-13.8958
-14.1397
-14.3835
-14.6272
-14.871
-15.1148
-15.3586
-15.6023
-15.8462
-16.09
-16.3337
-16.5775
-16.8213
-17.0651
-17.3089
-17.5527
-17.7965
-18.0403
-18.284
-18.5278
-18.7716
-19.0154
-19.2592
-19.503
-19.7468
-19.9906
-20.2344
-20.4781
-20.7219
-20.9657
-21.2095
-21.4533
-21.6971
-21.9409
-22.1847
-22.4284
-22.6722
-22.916
-23.1598
-23.4036
-23.6474
-23.8912
-24.135
-24.3787
