-0.0878263
-0.175739
-0.263586
-0.35149
-0.439364
-0.527277
-0.616451
-0.704804
-0.79275
-0.88087
-0.968936
-1.05698
-1.14507
-1.23319
-1.32104
-1.40938
-1.49737
-1.58525
-1.67328
-1.76135
-1.8494
-1.93748
-2.02555
-2.11361
-2.20163
-2.28974
-2.37777
-2.46588
-2.55394
-2.64201
-2.73008
-2.8181
-2.90621
-2.99428
-3.08235
-3.17041
-3.25848
-3.34655
-3.43457
-3.52268
-3.61075
-3.69877
-3.78688
-3.87495
-3.96297
-4.05108
-4.13915
-4.22722
-4.31529
-4.40335
-4.49142
-4.57949
-4.66755
-4.75562
-4.84369
-4.93175
-5.01972
-5.10789
-5.19595
-5.28402
-5.37209
-5.46016
-5.54822
-5.63625
-5.72436
-5.81242
-5.90045
-5.98856
-6.07663
-6.16469
-6.25276
-6.34083
-6.42889
-6.51696
-6.60499
-6.69309
-6.78116
-6.86923
-6.9573
-7.04536
-7.13343
-7.2215
-7.30956
-7.39763
-7.4857
-7.57376
-7.66183
-7.7499
-7.83797
-7.92603
-8.0141
-8.10217
-8.19023
-8.2783
-8.36637
-8.45443
-8.5425
-8.63057
-8.71864
-8.8067
