-0.165696
-0.331354
-0.496998
-0.662665
-0.828345
-0.994013
-1.15937
-1.32099
-1.48735
-1.65188
-1.81781
-1.9836
-2.14854
-2.31296
-2.48414
-2.64349
-2.8105
-2.98095
-3.14756
-3.31324
-3.47888
-3.64455
-3.81022
-3.97587
-4.14145
-4.30719
-4.47278
-4.63852
-4.80418
-4.96984
-5.1355
-5.30108
-5.46682
-5.63248
-5.79814
-5.96381
-6.12947
-6.29513
-6.46071
-6.62645
-6.79211
-6.9577
-7.12344
-7.2891
-7.45468
-7.62042
-7.78608
-7.95174
-8.1174
-8.28306
-8.44873
-8.61439
-8.78005
-8.94571
-9.11137
-9.27703
-9.44252
-9.60836
-9.77402
-9.93968
-10.1053
-10.271
-10.4367
-10.6023
-10.768
-10.9336
-11.0992
-11.265
-11.4306
-11.5963
-11.762
-11.9276
-12.0933
-12.2589
-12.4245
-12.5903
-12.7559
-12.9216
-13.0872
-13.2529
-13.4186
-13.5842
-13.7499
-13.9155
-14.0812
-14.2469
-14.4125
-14.5782
-14.7439
-14.9095
-15.0752
-15.2408
-15.4065
-15.5722
-15.7378
-15.9035
-16.0691
-16.2348
-16.4005
-16.5661
