-0.221566
-0.443286
-0.664896
-0.886573
-1.10822
-1.3299
-1.55158
-1.77343
-1.99499
-2.21667
-2.43834
-2.65998
-2.88165
-3.10331
-3.325
-3.54668
-3.76831
-3.99
-4.21167
-4.43335
-4.655
-4.87667
-5.09835
-5.32001
-5.54161
-5.76334
-5.98495
-6.20667
-6.42834
-6.65001
-6.87167
-7.09328
-7.31501
-7.53667
-7.75834
-7.98001
-8.20168
-8.42334
-8.64495
-8.86668
-9.08834
-9.30995
-9.53168
-9.75334
-9.97495
-10.1967
-10.4183
-10.64
-10.8617
-11.0833
-11.305
-11.5267
-11.7483
-11.97
-12.1917
-12.4133
-12.6349
-12.8567
-13.0784
-13.3
-13.5217
-13.7434
-13.965
-14.1866
-14.4084
-14.63
-14.8516
-15.0734
-15.295
-15.5167
-15.7384
-15.96
-16.1817
-16.4034
-16.625
-16.8467
-17.0684
-17.29
-17.5117
-17.7334
-17.955
-18.1767
-18.3984
-18.62
-18.8417
-19.0634
-19.285
-19.5067
-19.7284
-19.95
-20.1717
-20.3934
-20.615
-20.8367
-21.0584
-21.28
-21.5017
-21.7234
-21.945
-22.1667
