-0.198085
-0.396161
-0.594217
-0.792293
-0.99038
-1.18846
-1.38655
-1.58478
-1.78275
-1.98084
-2.17894
-2.377
-2.57508
-2.77316
-2.9713
-3.16937
-3.36743
-3.56556
-3.76366
-3.96176
-4.15982
-4.35792
-4.55602
-4.75409
-4.95212
-5.15027
-5.34829
-5.54644
-5.74453
-5.94262
-6.1407
-6.33873
-6.53688
-6.73497
-6.93306
-7.13114
-7.32923
-7.52732
-7.72534
-7.92349
-8.12158
-8.3196
-8.51775
-8.71584
-8.91386
-9.11202
-9.3101
-9.50819
-9.70628
-9.90436
-10.1025
-10.3005
-10.4986
-10.6967
-10.8948
-11.0929
-11.2908
-11.4891
-11.6872
-11.8852
-12.0833
-12.2814
-12.4795
-12.6775
-12.8757
-13.0738
-13.2718
-13.4699
-13.668
-13.8661
-14.0642
-14.2623
-14.4604
-14.6585
-14.8565
-15.0546
-15.2527
-15.4508
-15.6489
-15.847
-16.0451
-16.2432
-16.4412
-16.6393
-16.8374
-17.0355
-17.2336
-17.4317
-17.6298
-17.8279
-18.0259
-18.224
-18.4221
-18.6202
-18.8183
-19.0164
-19.2145
-19.4126
-19.6106
-19.8087
