-0.250017
-0.50015
-0.750143
-1.0003
-1.25037
-1.50045
-1.75046
-2.00062
-2.2507
-2.50076
-2.75075
-3.00093
-3.251
-3.50108
-3.75115
-4.00123
-4.2513
-4.50138
-4.75146
-5.00153
-5.25161
-5.50169
-5.75176
-6.00184
-6.25192
-6.50199
-6.75207
-7.00215
-7.25223
-7.5023
-7.75238
-8.00219
-8.25253
-8.50261
-8.75269
-9.00276
-9.25284
-9.50292
-9.75299
-10.0031
-10.2531
-10.5032
-10.7533
-11.0033
-11.2535
-11.5035
-11.7536
-12.0037
-12.2538
-12.5038
-12.7539
-13.004
-13.2541
-13.5041
-13.7542
-14.0043
-14.2544
-14.5045
-14.7545
-15.0046
-15.2547
-15.5048
-15.7548
-16.0049
-16.255
-16.5051
-16.7551
-17.0052
-17.2553
-17.5054
-17.7554
-18.0055
-18.2556
-18.5057
-18.7558
-19.0058
-19.2559
-19.506
-19.7561
-20.0061
-20.2562
-20.5063
-20.7564
-21.0064
-21.2565
-21.5066
-21.7567
-22.0068
-22.2568
-22.5069
-22.757
-23.007
-23.2571
-23.5072
-23.7573
-24.0074
-24.2574
-24.5075
-24.7576
-25.0077
