-0.229702
-0.459486
-0.689143
-0.918971
-1.14871
-1.37845
-1.60819
-1.838
-2.06776
-2.29749
-2.52715
-2.757
-2.98674
-3.21649
-3.44624
-3.67599
-3.90574
-4.13549
-4.36524
-4.59499
-4.82473
-5.05448
-5.28423
-5.51398
-5.74373
-5.97348
-6.20323
-6.43298
-6.66273
-6.89248
-7.12223
-7.35175
-7.58172
-7.81147
-8.04122
-8.27097
-8.50072
-8.73047
-8.96022
-9.18997
-9.41972
-9.64947
-9.87922
-10.1089
-10.3387
-10.5685
-10.7982
-11.028
-11.2577
-11.4875
-11.7172
-11.947
-12.1767
-12.4065
-12.6362
-12.866
-13.0957
-13.3255
-13.5552
-13.7849
-14.0147
-14.2445
-14.4742
-14.704
-14.9337
-15.1635
-15.3932
-15.623
-15.8527
-16.0824
-16.3122
-16.5419
-16.7717
-17.0014
-17.2312
-17.4609
-17.6907
-17.9204
-18.1502
-18.3799
-18.6097
-18.8394
-19.0692
-19.2989
-19.5287
-19.7584
-19.9882
-20.2179
-20.4477
-20.6774
-20.9072
-21.1369
-21.3667
-21.5964
-21.8262
-22.0559
-22.2857
-22.5154
-22.7452
-22.9749
