-0.212398
-0.424862
-0.637055
-0.84977
-1.06205
-1.27457
-1.48787
-1.69994
-1.91244
-2.12491
-2.33728
-2.5499
-2.76238
-2.97488
-3.18736
-3.39986
-3.61235
-3.82484
-4.03733
-4.24982
-4.46231
-4.6748
-4.88729
-5.09978
-5.31228
-5.52477
-5.73726
-5.94975
-6.16224
-6.37473
-6.58722
-6.79956
-7.0122
-7.2247
-7.43719
-7.64968
-7.86217
-8.07466
-8.28715
-8.49964
-8.71213
-8.92462
-9.13711
-9.34957
-9.5621
-9.77459
-9.98708
-10.1996
-10.4121
-10.6246
-10.837
-11.0495
-11.262
-11.4745
-11.687
-11.8995
-12.112
-12.3245
-12.537
-12.7494
-12.962
-13.1744
-13.3869
-13.5994
-13.8119
-14.0244
-14.2369
-14.4494
-14.6619
-14.8744
-15.0869
-15.2994
-15.5118
-15.7243
-15.9368
-16.1493
-16.3618
-16.5743
-16.7868
-16.9993
-17.2118
-17.4243
-17.6368
-17.8492
-18.0617
-18.2742
-18.4867
-18.6992
-18.9117
-19.1242
-19.3367
-19.5491
-19.7617
-19.9742
-20.1866
-20.3991
-20.6116
-20.8241
-21.0366
-21.2491
