-0.231823
-0.463786
-0.695633
-0.927563
-1.15948
-1.39136
-1.62316
-1.85511
-2.08701
-2.31888
-2.55069
-2.78267
-3.01455
-3.24644
-3.47833
-3.71022
-3.94211
-4.17399
-4.40588
-4.63777
-4.86966
-5.10155
-5.33344
-5.56532
-5.79721
-6.0291
-6.26099
-6.49288
-6.72477
-6.95666
-7.18854
-7.4203
-7.65232
-7.88421
-8.1161
-8.34799
-8.57988
-8.81176
-9.04365
-9.27554
-9.50743
-9.73932
-9.97121
-10.2031
-10.435
-10.6669
-10.8988
-11.1306
-11.3625
-11.5944
-11.8263
-12.0582
-12.2901
-12.522
-12.7539
-12.9858
-13.2176
-13.4495
-13.6814
-13.9133
-14.1452
-14.3771
-14.609
-14.8409
-15.0728
-15.3046
-15.5365
-15.7684
-16.0003
-16.2322
-16.4641
-16.696
-16.9279
-17.1598
-17.3916
-17.6235
-17.8554
-18.0873
-18.3192
-18.5511
-18.783
-19.0149
-19.2467
-19.4786
-19.7105
-19.9424
-20.1743
-20.4062
-20.6381
-20.87
-21.1019
-21.3337
-21.5656
-21.7975
-22.0294
-22.2613
-22.4932
-22.7251
-22.957
-23.1889
