-0.274398
-0.548939
-0.823342
-1.09787
-1.37236
-1.64682
-1.92118
-2.19573
-2.4702
-2.74465
-3.01904
-3.29359
-3.56805
-3.84252
-4.11698
-4.39145
-4.66592
-4.94038
-5.21485
-5.48931
-5.76378
-6.03825
-6.31271
-6.58718
-6.86164
-7.13611
-7.41057
-7.68504
-7.9595
-8.23397
-8.50844
-8.78266
-9.05737
-9.33183
-9.6063
-9.88076
-10.1552
-10.4297
-10.7042
-10.9786
-11.2531
-11.5276
-11.802
-12.0765
-12.351
-12.6254
-12.8999
-13.1744
-13.4488
-13.7233
-13.9978
-14.2722
-14.5467
-14.8211
-15.0956
-15.3701
-15.6445
-15.919
-16.1935
-16.4679
-16.7424
-17.0169
-17.2913
-17.5658
-17.8403
-18.1147
-18.3892
-18.6637
-18.9381
-19.2126
-19.4871
-19.7615
-20.036
-20.3105
-20.5849
-20.8594
-21.1339
-21.4083
-21.6828
-21.9573
-22.2317
-22.5062
-22.7807
-23.0551
-23.3296
-23.604
-23.8785
-24.153
-24.4274
-24.7019
-24.9764
-25.2508
-25.5253
-25.7998
-26.0742
-26.3487
-26.6232
-26.8976
-27.1721
-27.4466
