-0.206721
-0.413372
-0.619306
-0.826938
-1.03303
-1.24006
-1.45011
-1.65526
-1.86218
-2.06906
-2.27586
-2.48289
-2.68978
-2.8967
-3.1036
-3.3105
-3.51741
-3.72432
-3.93122
-4.13813
-4.34504
-4.55194
-4.75885
-4.96576
-5.17266
-5.37957
-5.58648
-5.79338
-6.00029
-6.2072
-6.4141
-6.62081
-6.82791
-7.03482
-7.24173
-7.44863
-7.65554
-7.86245
-8.06935
-8.27626
-8.48317
-8.69007
-8.89698
-9.10385
-9.31079
-9.5177
-9.72461
-9.93151
-10.1384
-10.3453
-10.5522
-10.7591
-10.966
-11.173
-11.3799
-11.5868
-11.7937
-12.0006
-12.2075
-12.4144
-12.6213
-12.8282
-13.0351
-13.242
-13.4489
-13.6558
-13.8627
-14.0696
-14.2765
-14.4835
-14.6904
-14.8973
-15.1042
-15.3111
-15.518
-15.7249
-15.9318
-16.1387
-16.3456
-16.5525
-16.7594
-16.9663
-17.1732
-17.3801
-17.5871
-17.794
-18.0009
-18.2078
-18.4147
-18.6216
-18.8285
-19.0354
-19.2423
-19.4492
-19.6561
-19.863
-20.0699
-20.2768
-20.4837
-20.6907
