-0.0346935
-0.0694213
-0.104113
-0.138855
-0.173527
-0.208261
-0.242959
-0.277799
-0.312528
-0.347242
-0.381905
-0.416697
-0.451416
-0.486145
-0.520865
-0.55559
-0.590314
-0.625039
-0.659763
-0.694488
-0.729212
-0.763936
-0.798661
-0.833385
-0.86811
-0.902834
-0.937558
-0.972283
-1.00701
-1.04173
-1.07646
-1.11113
-1.1459
-1.18063
-1.21535
-1.25008
-1.2848
-1.31953
-1.35425
-1.38898
-1.4237
-1.45842
-1.49315
-1.52786
-1.5626
-1.59732
-1.63205
-1.66677
-1.70149
-1.73622
-1.77094
-1.80567
-1.84039
-1.87512
-1.90984
-1.94457
-1.97929
-2.01401
-2.04874
-2.08345
-2.11819
-2.15291
-2.18764
-2.22236
-2.25709
-2.29181
-2.32653
-2.36126
-2.39598
-2.43071
-2.46543
-2.50016
-2.53488
-2.5696
-2.60433
-2.63905
-2.67378
-2.7085
-2.74323
-2.77795
-2.81268
-2.8474
-2.88212
-2.91685
-2.95157
-2.9863
-3.02102
-3.05575
-3.09047
-3.12519
-3.15992
-3.19463
-3.22937
-3.26409
-3.29882
-3.33354
-3.36827
-3.40299
-3.43771
-3.47244
