-0.2521
-0.504289
-0.756367
-1.00857
-1.26073
-1.51287
-1.76495
-2.01716
-2.26932
-2.52145
-2.7735
-3.02575
-3.27788
-3.53003
-3.78217
-4.03432
-4.28646
-4.53861
-4.79075
-5.0429
-5.29504
-5.54719
-5.79933
-6.05148
-6.30362
-6.55576
-6.80791
-7.06005
-7.3122
-7.56434
-7.81649
-8.06843
-8.32078
-8.57292
-8.82507
-9.07721
-9.32936
-9.5815
-9.83365
-10.0858
-10.3379
-10.5901
-10.8422
-11.0943
-11.3465
-11.5987
-11.8508
-12.103
-12.3551
-12.6072
-12.8594
-13.1115
-13.3637
-13.6158
-13.868
-14.1201
-14.3723
-14.6244
-14.8765
-15.1287
-15.3808
-15.633
-15.8851
-16.1373
-16.3894
-16.6416
-16.8937
-17.1458
-17.398
-17.6501
-17.9023
-18.1544
-18.4066
-18.6587
-18.9109
-19.163
-19.4152
-19.6673
-19.9194
-20.1716
-20.4237
-20.6759
-20.928
-21.1802
-21.4323
-21.6845
-21.9366
-22.1887
-22.4409
-22.693
-22.9452
-23.1973
-23.4495
-23.7016
-23.9538
-24.2059
-24.458
-24.7102
-24.9623
-25.2145
