-0.104401
-0.20889
-0.313348
-0.417763
-0.522248
-0.626669
-0.730928
-0.835453
-0.939889
-1.04431
-1.14868
-1.25318
-1.3576
-1.46204
-1.56647
-1.6709
-1.77533
-1.87976
-1.98419
-2.08862
-2.19305
-2.29748
-2.40191
-2.50634
-2.61078
-2.71521
-2.81964
-2.92407
-3.0285
-3.13293
-3.23736
-3.3419
-3.44622
-3.55065
-3.65508
-3.75952
-3.86395
-3.96838
-4.07281
-4.17724
-4.28167
-4.3861
-4.49053
-4.59494
-4.69939
-4.80383
-4.90826
-5.01269
-5.11712
-5.22155
-5.32598
-5.43041
-5.53484
-5.63927
-5.7437
-5.84814
-5.95257
-6.057
-6.16143
-6.26584
-6.37029
-6.47472
-6.57915
-6.68358
-6.78801
-6.89245
-6.99688
-7.10131
-7.20574
-7.31017
-7.4146
-7.51903
-7.62346
-7.72789
-7.83232
-7.93676
-8.04119
-8.14562
-8.25005
-8.35448
-8.45891
-8.56334
-8.66777
-8.7722
-8.87663
-8.98107
-9.0855
-9.18993
-9.29434
-9.39879
-9.50322
-9.60763
-9.71208
-9.81651
-9.92094
-10.0254
-10.1298
-10.2342
-10.3387
-10.4431
