-0.225667
-0.451388
-0.676857
-0.902819
-1.12837
-1.35415
-1.58061
-1.80601
-2.03177
-2.25751
-2.48315
-2.70902
-2.93476
-3.16052
-3.38626
-3.61201
-3.83776
-4.06351
-4.28926
-4.51502
-4.74077
-4.96652
-5.19227
-5.41802
-5.64377
-5.86952
-6.09527
-6.32102
-6.54677
-6.77252
-6.99827
-7.22382
-7.44977
-7.67553
-7.90128
-8.12703
-8.35278
-8.57853
-8.80428
-9.03003
-9.25578
-9.48153
-9.70728
-9.933
-10.1588
-10.3845
-10.6103
-10.836
-11.0618
-11.2875
-11.5133
-11.739
-11.9648
-12.1905
-12.4163
-12.642
-12.8678
-13.0935
-13.3193
-13.545
-13.7708
-13.9965
-14.2223
-14.448
-14.6738
-14.8996
-15.1253
-15.3511
-15.5768
-15.8026
-16.0283
-16.2541
-16.4798
-16.7056
-16.9313
-17.1571
-17.3828
-17.6086
-17.8343
-18.0601
-18.2858
-18.5116
-18.7373
-18.9631
-19.1888
-19.4146
-19.6403
-19.8661
-20.0918
-20.3176
-20.5433
-20.769
-20.9948
-21.2206
-21.4463
-21.6721
-21.8978
-22.1236
-22.3493
-22.5751
