-0.0350175
-0.0700969
-0.105131
-0.1402
-0.175228
-0.210289
-0.245296
-0.280457
-0.315518
-0.350564
-0.385556
-0.420684
-0.455734
-0.490795
-0.525848
-0.560905
-0.595961
-0.631018
-0.666075
-0.701131
-0.736188
-0.771244
-0.806301
-0.841358
-0.876414
-0.911471
-0.946527
-0.981584
-1.01664
-1.0517
-1.08675
-1.12176
-1.15687
-1.19192
-1.22698
-1.26204
-1.29709
-1.33215
-1.36721
-1.40226
-1.43732
-1.47238
-1.50743
-1.54247
-1.57755
-1.6126
-1.64766
-1.68272
-1.71777
-1.75283
-1.78788
-1.82294
-1.858
-1.89305
-1.92811
-1.96317
-1.99822
-2.03328
-2.06834
-2.10338
-2.13845
-2.17351
-2.20856
-2.24362
-2.27868
-2.31373
-2.34879
-2.38385
-2.4189
-2.45396
-2.48902
-2.52407
-2.55913
-2.59419
-2.62924
-2.6643
-2.69936
-2.73441
-2.76947
-2.80453
-2.83958
-2.87464
-2.9097
-2.94475
-2.97981
-3.01486
-3.04992
-3.08498
-3.12003
-3.15509
-3.19015
-3.22519
-3.26026
-3.29532
-3.33037
-3.36543
-3.40049
-3.43554
-3.4706
-3.50566
