-0.171669
-0.343367
-0.514981
-0.686745
-0.858385
-1.03009
-1.20206
-1.37362
-1.54533
-1.71701
-1.88861
-2.06042
-2.23211
-2.40382
-2.57552
-2.74722
-2.91892
-3.09062
-3.26232
-3.43402
-3.60572
-3.77743
-3.94913
-4.12083
-4.29253
-4.46423
-4.63593
-4.80763
-4.97933
-5.15103
-5.32274
-5.49439
-5.66614
-5.83784
-6.00954
-6.18124
-6.35294
-6.52464
-6.69635
-6.86805
-7.03975
-7.21145
-7.38315
-7.55481
-7.72655
-7.89825
-8.06995
-8.24166
-8.41336
-8.58506
-8.75676
-8.92846
-9.10016
-9.27186
-9.44356
-9.61527
-9.78697
-9.95867
-10.1304
-10.302
-10.4738
-10.6455
-10.8172
-10.9889
-11.1606
-11.3323
-11.504
-11.6757
-11.8474
-12.0191
-12.1908
-12.3625
-12.5342
-12.7059
-12.8776
-13.0493
-13.221
-13.3927
-13.5644
-13.7361
-13.9078
-14.0795
-14.2512
-14.4229
-14.5946
-14.7663
-14.938
-15.1097
-15.2814
-15.4531
-15.6248
-15.7965
-15.9682
-16.1399
-16.3116
-16.4833
-16.655
-16.8267
-16.9984
-17.1701
