-0.243087
-0.4863
-0.72937
-0.972599
-1.21574
-1.4589
-1.70206
-1.94525
-2.18842
-2.43156
-2.67461
-2.91788
-3.16103
-3.40419
-3.64734
-3.8905
-4.13365
-4.37681
-4.61996
-4.86312
-5.10628
-5.34943
-5.59259
-5.83575
-6.0789
-6.32206
-6.56521
-6.80837
-7.05153
-7.29468
-7.53784
-7.78079
-8.02415
-8.26731
-8.51046
-8.75362
-8.99677
-9.23993
-9.48309
-9.72624
-9.9694
-10.2126
-10.4557
-10.6988
-10.942
-11.1852
-11.4283
-11.6715
-11.9146
-12.1578
-12.401
-12.6441
-12.8873
-13.1304
-13.3736
-13.6167
-13.8599
-14.1031
-14.3462
-14.5893
-14.8325
-15.0757
-15.3188
-15.562
-15.8051
-16.0483
-16.2915
-16.5346
-16.7778
-17.0209
-17.2641
-17.5072
-17.7504
-17.9935
-18.2367
-18.4799
-18.723
-18.9662
-19.2093
-19.4525
-19.6956
-19.9388
-20.182
-20.4251
-20.6683
-20.9114
-21.1546
-21.3977
-21.6409
-21.884
-22.1272
-22.3703
-22.6135
-22.8567
-23.0998
-23.343
-23.5861
-23.8293
-24.0725
-24.3156
