-0.225996
-0.452172
-0.678194
-0.90434
-1.13043
-1.35651
-1.58261
-1.80872
-2.03481
-2.26089
-2.48688
-2.71307
-2.93915
-3.16525
-3.39133
-3.61742
-3.84351
-4.0696
-4.29569
-4.52178
-4.74787
-4.97396
-5.20004
-5.42613
-5.65222
-5.87831
-6.1044
-6.33049
-6.55658
-6.78267
-7.00875
-7.23471
-7.46093
-7.68702
-7.91311
-8.1392
-8.36529
-8.59138
-8.81747
-9.04355
-9.26964
-9.49573
-9.72182
-9.94788
-10.174
-10.4001
-10.6262
-10.8523
-11.0784
-11.3044
-11.5305
-11.7566
-11.9827
-12.2088
-12.4349
-12.661
-12.8871
-13.1132
-13.3392
-13.5653
-13.7914
-14.0175
-14.2436
-14.4697
-14.6958
-14.9219
-15.148
-15.374
-15.6001
-15.8262
-16.0523
-16.2784
-16.5045
-16.7306
-16.9567
-17.1828
-17.4088
-17.6349
-17.861
-18.0871
-18.3132
-18.5393
-18.7654
-18.9915
-19.2176
-19.4436
-19.6697
-19.8958
-20.1219
-20.348
-20.5741
-20.8001
-21.0263
-21.2524
-21.4784
-21.7045
-21.9306
-22.1567
-22.3828
-22.6089
