-0.250812
-0.501792
-0.752645
-1.00357
-1.2545
-1.50538
-1.75614
-2.00711
-2.258
-2.50888
-2.75969
-3.01066
-3.26154
-3.51243
-3.76332
-4.01421
-4.26509
-4.51598
-4.76687
-5.01776
-5.26865
-5.51953
-5.77042
-6.02131
-6.2722
-6.52308
-6.77397
-7.02486
-7.27575
-7.52664
-7.77752
-8.02824
-8.2793
-8.53019
-8.78108
-9.03196
-9.28285
-9.53374
-9.78463
-10.0355
-10.2864
-10.5373
-10.7882
-11.039
-11.29
-11.5408
-11.7917
-12.0426
-12.2935
-12.5444
-12.7953
-13.0462
-13.2971
-13.5479
-13.7988
-14.0497
-14.3006
-14.5515
-14.8024
-15.0532
-15.3042
-15.555
-15.8059
-16.0568
-16.3077
-16.5586
-16.8095
-17.0604
-17.3113
-17.5622
-17.813
-18.0639
-18.3148
-18.5657
-18.8166
-19.0675
-19.3184
-19.5693
-19.8201
-20.071
-20.3219
-20.5728
-20.8237
-21.0746
-21.3255
-21.5764
-21.8272
-22.0781
-22.329
-22.5799
-22.8308
-23.0817
-23.3326
-23.5835
-23.8343
-24.0852
-24.3361
-24.587
-24.8379
-25.0888
