-0.133316
-0.267691
-0.401652
-0.535347
-0.669138
-0.80353
-0.935278
-1.0664
-1.20022
-1.33233
-1.47242
-1.60409
-1.73577
-1.85557
-1.99742
-2.1319
-2.25986
-2.39438
-2.53096
-2.6665
-2.79723
-2.93348
-3.06068
-3.18753
-3.32643
-3.4579
-3.57559
-3.72555
-3.87092
-3.99822
-4.13203
-4.26591
-4.40857
-4.53889
-4.67886
-4.81254
-4.94622
-5.0799
-5.21359
-5.34727
-5.48095
-5.61463
-5.74831
-5.88199
-6.01568
-6.14936
-6.28304
-6.41672
-6.5504
-6.68408
-6.81777
-6.95145
-7.08513
-7.21881
-7.35249
-7.48617
-7.61986
-7.75354
-7.88722
-8.0209
-8.15458
-8.28827
-8.42195
-8.55563
-8.68931
-8.82299
-8.95667
-9.09035
-9.22404
-9.35772
-9.4914
-9.62508
-9.75876
-9.89245
-10.0261
-10.1598
-10.2935
-10.4272
-10.5609
-10.6945
-10.8282
-10.9619
-11.0956
-11.2293
-11.3629
-11.4966
-11.6303
-11.764
-11.8977
-12.0314
-12.165
-12.2986
-12.4324
-12.5661
-12.6998
-12.8334
-12.9671
-13.1008
-13.2345
-13.3682
