-0.175606
-0.351668
-0.526757
-0.703347
-0.877709
-1.05435
-1.23173
-1.40684
-1.58309
-1.75916
-1.93523
-2.11157
-2.28748
-2.46272
-2.63928
-2.81529
-2.99099
-3.16696
-3.34312
-3.51917
-3.69504
-3.8711
-4.04679
-4.22225
-4.39866
-4.57456
-4.7491
-4.92652
-5.10283
-5.27871
-5.45468
-5.63064
-5.80671
-5.98263
-6.15872
-6.33468
-6.51065
-6.68661
-6.86257
-7.03854
-7.2145
-7.39046
-7.56643
-7.74239
-7.91835
-8.09432
-8.27028
-8.44624
-8.62221
-8.79817
-8.97413
-9.1501
-9.32606
-9.50202
-9.67799
-9.85395
-10.0299
-10.2059
-10.3818
-10.5578
-10.7338
-10.9097
-11.0857
-11.2617
-11.4376
-11.6136
-11.7895
-11.9655
-12.1415
-12.3174
-12.4934
-12.6694
-12.8453
-13.0213
-13.1973
-13.3732
-13.5492
-13.7251
-13.9011
-14.0771
-14.253
-14.429
-14.605
-14.7809
-14.9569
-15.1329
-15.3088
-15.4848
-15.6607
-15.8367
-16.0127
-16.1885
-16.3646
-16.5406
-16.7165
-16.8925
-17.0685
-17.2444
-17.4204
-17.5963
