-0.150413
-0.302287
-0.451213
-0.60459
-0.752693
-0.905522
-1.05935
-1.21089
-1.36225
-1.51384
-1.66307
-1.8162
-1.96704
-2.11487
-2.26827
-2.41983
-2.56976
-2.72113
-2.87336
-3.02529
-3.17579
-3.32791
-3.47748
-3.62697
-3.77974
-3.93055
-4.07782
-4.23333
-4.38773
-4.53754
-4.68892
-4.84032
-4.99383
-5.14437
-5.29731
-5.44867
-5.60002
-5.75137
-5.90272
-6.05407
-6.20542
-6.35678
-6.50813
-6.65948
-6.81083
-6.96218
-7.11354
-7.26489
-7.41624
-7.56759
-7.71894
-7.87029
-8.02165
-8.173
-8.32435
-8.4757
-8.62705
-8.77841
-8.92976
-9.08111
-9.23246
-9.38381
-9.53517
-9.68652
-9.83787
-9.98922
-10.1406
-10.2919
-10.4433
-10.5946
-10.746
-10.8973
-11.0487
-11.2
-11.3514
-11.5027
-11.6541
-11.8054
-11.9568
-12.1081
-12.2595
-12.4109
-12.5622
-12.7136
-12.8649
-13.0163
-13.1676
-13.319
-13.4703
-13.6217
-13.773
-13.9242
-14.0757
-14.2271
-14.3784
-14.5298
-14.6811
-14.8325
-14.9838
-15.1352
