-0.145677
-0.292584
-0.438352
-0.585054
-0.730206
-0.877654
-1.02339
-1.16593
-1.31285
-1.45775
-1.60978
-1.75504
-1.89932
-2.02919
-2.18555
-2.33285
-2.47225
-2.61959
-2.76945
-2.91823
-3.06081
-3.21037
-3.34864
-3.48663
-3.63937
-3.78302
-3.90928
-4.07602
-4.23579
-4.37585
-4.52224
-4.66868
-4.82366
-4.96666
-5.11919
-5.26545
-5.41171
-5.55798
-5.70424
-5.8505
-5.99676
-6.14303
-6.28929
-6.43555
-6.58181
-6.72808
-6.87434
-7.0206
-7.16686
-7.31313
-7.45939
-7.60565
-7.75192
-7.89818
-8.04444
-8.1907
-8.33697
-8.48323
-8.62949
-8.77575
-8.92202
-9.06828
-9.21454
-9.3608
-9.50707
-9.65333
-9.79959
-9.94585
-10.0921
-10.2384
-10.3846
-10.5309
-10.6772
-10.8234
-10.9697
-11.116
-11.2622
-11.4085
-11.5547
-11.701
-11.8473
-11.9935
-12.1398
-12.2861
-12.4323
-12.5786
-12.7248
-12.8711
-13.0174
-13.1636
-13.3099
-13.456
-13.6024
-13.7487
-13.8949
-14.0412
-14.1875
-14.3337
-14.48
-14.6263
