-0.167711
-0.335946
-0.503107
-0.671945
-0.838553
-1.00748
-1.17647
-1.3448
-1.5124
-1.67926
-1.84889
-2.01682
-2.1849
-2.35446
-2.52152
-2.68948
-2.85825
-3.02605
-3.19382
-3.36146
-3.53004
-3.69761
-3.8666
-4.03538
-4.20286
-4.37119
-4.54112
-4.70724
-4.87402
-5.0422
-5.21026
-5.37832
-5.54625
-5.71437
-5.88235
-6.05042
-6.21849
-6.38655
-6.55462
-6.72269
-6.89075
-7.05882
-7.22689
-7.39496
-7.56302
-7.73109
-7.89916
-8.06722
-8.23529
-8.40336
-8.57143
-8.73949
-8.90756
-9.07563
-9.2437
-9.41176
-9.57983
-9.7479
-9.91596
-10.084
-10.2521
-10.4202
-10.5882
-10.7563
-10.9244
-11.0924
-11.2605
-11.4286
-11.5966
-11.7647
-11.9328
-12.1008
-12.2689
-12.437
-12.605
-12.7731
-12.9412
-13.1092
-13.2773
-13.4454
-13.6134
-13.7815
-13.9496
-14.1176
-14.2857
-14.4538
-14.6218
-14.7899
-14.958
-15.126
-15.2941
-15.4621
-15.6302
-15.7983
-15.9664
-16.1345
-16.3025
-16.4706
-16.6387
-16.8067
