-0.011126
-0.0221857
-0.0333325
-0.0442529
-0.055475
-0.0662448
-0.07751
-0.0877536
-0.0994028
-0.110866
-0.121612
-0.132935
-0.143909
-0.152263
-0.165247
-0.176529
-0.18646
-0.197662
-0.209493
-0.221245
-0.231527
-0.243394
-0.252895
-0.262423
-0.27481
-0.285476
-0.292503
-0.307773
-0.320982
-0.331788
-0.34287
-0.353955
-0.365414
-0.376348
-0.387704
-0.39878
-0.409857
-0.420935
-0.432012
-0.443089
-0.454167
-0.465244
-0.476321
-0.487398
-0.498475
-0.509553
-0.52063
-0.531707
-0.542785
-0.553862
-0.564939
-0.576016
-0.587094
-0.598171
-0.609248
-0.620325
-0.631403
-0.64248
-0.653558
-0.664635
-0.675712
-0.686789
-0.697866
-0.708942
-0.720021
-0.731098
-0.742175
-0.753253
-0.764331
-0.775407
-0.786485
-0.79756
-0.808639
-0.819716
-0.830793
-0.841871
-0.852948
-0.864026
-0.875103
-0.886181
-0.897257
-0.908334
-0.919412
-0.930489
-0.941567
-0.952644
-0.963721
-0.974798
-0.985875
-0.996953
-1.00803
-1.01903
-1.03019
-1.04126
-1.05234
-1.06342
-1.07449
-1.08557
-1.09665
-1.10773
