-0.0121626
-0.0237299
-0.0356769
-0.0473756
-0.0593585
-0.0710238
-0.0829968
-0.0941318
-0.106403
-0.118407
-0.130475
-0.142321
-0.154139
-0.164432
-0.177425
-0.189402
-0.200618
-0.212537
-0.224837
-0.2371
-0.248501
-0.260825
-0.271781
-0.282716
-0.295374
-0.307011
-0.316363
-0.330813
-0.343837
-0.355616
-0.367476
-0.379337
-0.391309
-0.403127
-0.415062
-0.42692
-0.438778
-0.450637
-0.462496
-0.474355
-0.486214
-0.498073
-0.509932
-0.521791
-0.53365
-0.545508
-0.557367
-0.569226
-0.581085
-0.592944
-0.604803
-0.616662
-0.628521
-0.64038
-0.652239
-0.664098
-0.675957
-0.687816
-0.699675
-0.711533
-0.723392
-0.735251
-0.74711
-0.758967
-0.770828
-0.782687
-0.794546
-0.806404
-0.818264
-0.830123
-0.841982
-0.853839
-0.865699
-0.877558
-0.889417
-0.901276
-0.913135
-0.924994
-0.936853
-0.948712
-0.960571
-0.972429
-0.984289
-0.996147
-1.00801
-1.01987
-1.03172
-1.04358
-1.05544
-1.0673
-1.07916
-1.09094
-1.10288
-1.11474
-1.1266
-1.13845
-1.15031
-1.16217
-1.17403
-1.18589
