-0.164746
-0.329246
-0.493391
-0.658442
-0.822267
-0.987324
-1.15288
-1.31681
-1.48172
-1.64602
-1.8116
-1.9764
-2.14107
-2.30483
-2.47028
-2.63506
-2.79938
-2.96408
-3.12908
-3.29396
-3.45847
-3.62337
-3.7876
-3.95166
-4.11693
-4.28152
-4.44439
-4.61097
-4.77623
-4.94092
-5.10562
-5.27031
-5.43504
-5.59973
-5.76446
-5.92916
-6.09386
-6.25855
-6.42325
-6.58795
-6.75265
-6.91735
-7.08205
-7.24675
-7.41145
-7.57615
-7.74084
-7.90554
-8.07024
-8.23494
-8.39964
-8.56434
-8.72904
-8.89374
-9.05843
-9.22313
-9.38783
-9.55253
-9.71723
-9.88193
-10.0466
-10.2113
-10.376
-10.5407
-10.7054
-10.8701
-11.0348
-11.1995
-11.3642
-11.5289
-11.6936
-11.8583
-12.023
-12.1877
-12.3524
-12.5171
-12.6818
-12.8465
-13.0112
-13.1759
-13.3406
-13.5053
-13.67
-13.8347
-13.9994
-14.1641
-14.3288
-14.4935
-14.6582
-14.8229
-14.9876
-15.1522
-15.317
-15.4817
-15.6464
-15.8111
-15.9758
-16.1405
-16.3052
-16.4699
