-0.117677
-0.235767
-0.354232
-0.471472
-0.590605
-0.705995
-0.82249
-0.942264
-1.06233
-1.18326
-1.29267
-1.40949
-1.52678
-1.64834
-1.76252
-1.87963
-1.99905
-2.11575
-2.23225
-2.34858
-2.46727
-2.58348
-2.70333
-2.82305
-2.93848
-3.05659
-3.18084
-3.2912
-3.40578
-3.52276
-3.64022
-3.7577
-3.87584
-3.99304
-4.11095
-4.22841
-4.34586
-4.46332
-4.58078
-4.69823
-4.81569
-4.93314
-5.0506
-5.16805
-5.28551
-5.40297
-5.52042
-5.63788
-5.75533
-5.87279
-5.99024
-6.1077
-6.22516
-6.34261
-6.46007
-6.57752
-6.69498
-6.81244
-6.92989
-7.04735
-7.1648
-7.28226
-7.39971
-7.51717
-7.63463
-7.75208
-7.86954
-7.98699
-8.10445
-8.2219
-8.33936
-8.45682
-8.57427
-8.69173
-8.80918
-8.92664
-9.0441
-9.16155
-9.27901
-9.39646
-9.51392
-9.63137
-9.74883
-9.86629
-9.98374
-10.1012
-10.2187
-10.3361
-10.4536
-10.571
-10.6885
-10.8058
-10.9234
-11.0408
-11.1583
-11.2758
-11.3932
-11.5107
-11.6281
-11.7456
