-0.160872
-0.323007
-0.483062
-0.646009
-0.805542
-0.967868
-1.13224
-1.29304
-1.45515
-1.61699
-1.77725
-1.94116
-2.10242
-2.25836
-2.42393
-2.58611
-2.74541
-2.90744
-3.07071
-3.23359
-3.39389
-3.55704
-3.71571
-3.87431
-4.03863
-4.19948
-4.35351
-4.52326
-4.68973
-4.85002
-5.01181
-5.17361
-5.33746
-5.49844
-5.66176
-5.82353
-5.98529
-6.14705
-6.30882
-6.47058
-6.63235
-6.79411
-6.95588
-7.11764
-7.27941
-7.44117
-7.60294
-7.7647
-7.92647
-8.08823
-8.24999
-8.41176
-8.57352
-8.73529
-8.89705
-9.05882
-9.22058
-9.38235
-9.54411
-9.70588
-9.86764
-10.0294
-10.1912
-10.3529
-10.5147
-10.6765
-10.8382
-11
-11.1618
-11.3235
-11.4853
-11.6471
-11.8088
-11.9706
-12.1323
-12.2941
-12.4559
-12.6176
-12.7794
-12.9412
-13.1029
-13.2647
-13.4265
-13.5882
-13.75
-13.9118
-14.0735
-14.2353
-14.3971
-14.5588
-14.7206
-14.8822
-15.0441
-15.2059
-15.3676
-15.5294
-15.6912
-15.8529
-16.0147
-16.1765
