-0.162228
-0.325097
-0.486284
-0.650229
-0.810281
-0.974672
-1.13848
-1.30059
-1.46315
-1.62584
-1.78897
-1.95171
-2.11431
-2.2785
-2.44001
-2.60252
-2.76597
-2.92822
-3.09056
-3.25276
-3.41591
-3.57805
-3.74166
-3.90503
-4.06706
-4.22998
-4.39441
-4.55515
-4.71652
-4.87911
-5.04175
-5.20439
-5.36711
-5.52972
-5.69244
-5.85508
-6.01773
-6.18037
-6.34301
-6.50565
-6.66829
-6.83093
-6.99357
-7.15621
-7.31886
-7.4815
-7.64414
-7.80678
-7.96942
-8.13206
-8.2947
-8.45734
-8.61999
-8.78263
-8.94527
-9.10791
-9.27055
-9.43319
-9.59583
-9.75848
-9.92112
-10.0838
-10.2464
-10.409
-10.5717
-10.7343
-10.897
-11.0596
-11.2222
-11.3849
-11.5475
-11.7102
-11.8728
-12.0355
-12.1981
-12.3607
-12.5234
-12.686
-12.8487
-13.0113
-13.1739
-13.3366
-13.4992
-13.6619
-13.8245
-13.9871
-14.1498
-14.3124
-14.4751
-14.6377
-14.8004
-14.9629
-15.1256
-15.2883
-15.4509
-15.6136
-15.7762
-15.9388
-16.1015
-16.2641
