-0.183636
-0.368103
-0.551692
-0.736083
-0.919525
-1.10379
-1.2886
-1.4722
-1.65638
-1.84006
-2.02504
-2.20905
-2.39314
-2.57668
-2.76127
-2.94541
-3.12927
-3.31333
-3.49764
-3.68182
-3.86582
-4.05001
-4.23383
-4.41748
-4.60197
-4.78599
-4.96886
-5.15422
-5.33856
-5.52273
-5.70681
-5.89089
-6.07486
-6.25899
-6.44301
-6.6271
-6.81118
-6.99527
-7.17936
-7.36344
-7.54753
-7.73161
-7.9157
-8.09979
-8.28387
-8.46796
-8.65204
-8.83613
-9.02022
-9.2043
-9.38839
-9.57248
-9.75656
-9.94065
-10.1247
-10.3088
-10.4929
-10.677
-10.8611
-11.0452
-11.2292
-11.4133
-11.5974
-11.7815
-11.9656
-12.1497
-12.3338
-12.5179
-12.7019
-12.886
-13.0701
-13.2542
-13.4383
-13.6224
-13.8065
-13.9905
-14.1746
-14.3587
-14.5428
-14.7269
-14.911
-15.0951
-15.2791
-15.4632
-15.6473
-15.8314
-16.0155
-16.1996
-16.3837
-16.5677
-16.7518
-16.9358
-17.12
-17.3041
-17.4882
-17.6723
-17.8563
-18.0404
-18.2245
-18.4086
