-0.186663
-0.374726
-0.561577
-0.749475
-0.936097
-1.12382
-1.31184
-1.49971
-1.68667
-1.87324
-2.06181
-2.24887
-2.43632
-2.62502
-2.8116
-2.99893
-3.1869
-3.37409
-3.56128
-3.74832
-3.93617
-4.12315
-4.31132
-4.49931
-4.68624
-4.87386
-5.06292
-5.24862
-5.43491
-5.62251
-5.80991
-5.99731
-6.18444
-6.37195
-6.55918
-6.74658
-6.93399
-7.12139
-7.3088
-7.4962
-7.68361
-7.87101
-8.05842
-8.24582
-8.43323
-8.62063
-8.80804
-8.99544
-9.18285
-9.37025
-9.55766
-9.74506
-9.93247
-10.1199
-10.3073
-10.4947
-10.6821
-10.8695
-11.0569
-11.2443
-11.4317
-11.6191
-11.8065
-11.9939
-12.1813
-12.3687
-12.5561
-12.7435
-12.931
-13.1184
-13.3058
-13.4932
-13.6806
-13.868
-14.0554
-14.2428
-14.4302
-14.6176
-14.805
-14.9924
-15.1798
-15.3672
-15.5546
-15.742
-15.9294
-16.1168
-16.3042
-16.4916
-16.6791
-16.8665
-17.0539
-17.2412
-17.4287
-17.6161
-17.8035
-17.9909
-18.1783
-18.3657
-18.5531
-18.7405
