-0.16951
-0.336775
-0.507342
-0.677375
-0.843191
-1.0085
-1.18579
-1.35065
-1.52069
-1.68737
-1.84901
-2.01936
-2.20138
-2.36625
-2.53708
-2.71131
-2.8745
-3.04485
-3.19971
-3.34994
-3.56474
-3.7333
-3.90298
-4.07268
-4.24237
-4.41186
-4.58176
-4.75146
-4.92116
-5.09085
-5.26047
-5.43031
-5.59991
-5.76964
-5.93932
-6.10904
-6.27872
-6.44841
-6.61811
-6.78776
-6.95752
-7.12719
-7.29689
-7.46658
-7.63628
-7.80597
-7.97563
-8.14536
-8.31506
-8.48475
-8.65445
-8.82414
-8.99384
-9.16349
-9.33326
-9.50292
-9.67262
-9.84227
-10.0121
-10.1817
-10.3514
-10.5211
-10.6908
-10.8605
-11.0302
-11.1998
-11.3696
-11.5393
-11.709
-11.8787
-12.0483
-12.218
-12.3877
-12.5574
-12.7271
-12.8968
-13.0664
-13.2363
-13.4059
-13.5756
-13.7453
-13.9149
-14.0847
-14.2544
-14.4241
-14.5938
-14.7635
-14.9331
-15.1029
-15.2726
-15.4422
-15.6119
-15.7816
-15.9512
-16.1212
-16.2907
-16.4604
-16.6301
-16.7998
-16.9695
