-0.187136
-0.372293
-0.559655
-0.746923
-0.931022
-1.11221
-1.3097
-1.49518
-1.68087
-1.86728
-2.05144
-2.23875
-2.43158
-2.61638
-2.80413
-2.9938
-3.17764
-3.36527
-3.54537
-3.72266
-3.93001
-4.11737
-4.30451
-4.49166
-4.67881
-4.86581
-5.05312
-5.24027
-5.42742
-5.61458
-5.80167
-5.98893
-6.17601
-6.36319
-6.55033
-6.7375
-6.92464
-7.1118
-7.29895
-7.48607
-7.67327
-7.86041
-8.04756
-8.23471
-8.42186
-8.60902
-8.79614
-8.98332
-9.17047
-9.35763
-9.54478
-9.73193
-9.91909
-10.1062
-10.2934
-10.4805
-10.6677
-10.8548
-11.042
-11.2292
-11.4163
-11.6035
-11.7906
-11.9778
-12.1649
-12.352
-12.5393
-12.7264
-12.9135
-13.1007
-13.2878
-13.475
-13.6621
-13.8493
-14.0364
-14.2236
-14.4107
-14.598
-14.7851
-14.9722
-15.1594
-15.3464
-15.5337
-15.7208
-15.908
-16.0951
-16.2823
-16.4694
-16.6566
-16.8437
-17.0309
-17.218
-17.4052
-17.5923
-17.7796
-17.9666
-18.1538
-18.3409
-18.5281
-18.7152
