-0.184091
-0.366042
-0.551305
-0.735852
-0.918567
-1.099
-1.28788
-1.47078
-1.65346
-1.83732
-2.01896
-2.20317
-2.39113
-2.57313
-2.75766
-2.94385
-3.12509
-3.30952
-3.48759
-3.6629
-3.86483
-4.04897
-4.233
-4.41704
-4.60109
-4.78497
-4.96918
-5.15322
-5.33726
-5.52131
-5.70529
-5.88945
-6.07342
-6.25749
-6.44152
-6.62558
-6.80961
-6.99366
-7.1777
-7.36172
-7.54581
-7.72983
-7.91388
-8.09792
-8.28196
-8.46601
-8.65002
-8.83409
-9.01814
-9.20218
-9.38622
-9.57027
-9.75431
-9.93832
-10.1224
-10.3064
-10.4905
-10.6745
-10.8586
-11.0426
-11.2266
-11.4107
-11.5947
-11.7788
-11.9628
-12.1468
-12.331
-12.515
-12.699
-12.8831
-13.0671
-13.2511
-13.4352
-13.6192
-13.8032
-13.9873
-14.1713
-14.3555
-14.5394
-14.7235
-14.9075
-15.0915
-15.2756
-15.4597
-15.6437
-15.8278
-16.0118
-16.1958
-16.3799
-16.5639
-16.7479
-16.932
-17.1161
-17.3
-17.4842
-17.6682
-17.8522
-18.0363
-18.2203
-18.4044
