-0.134033
-0.270352
-0.402444
-0.535052
-0.671608
-0.807707
-0.936833
-1.0712
-1.21146
-1.34526
-1.48225
-1.61613
-1.74324
-1.87878
-2.01178
-2.14356
-2.28055
-2.41467
-2.55541
-2.69512
-2.81132
-2.94486
-3.07869
-3.21255
-3.3464
-3.48006
-3.61412
-3.74797
-3.88183
-4.01569
-4.14947
-4.28346
-4.41723
-4.55112
-4.68496
-4.81884
-4.95268
-5.08654
-5.22039
-5.35421
-5.48813
-5.62196
-5.75582
-5.88967
-6.02353
-6.15739
-6.29121
-6.4251
-6.55896
-6.69281
-6.82667
-6.96052
-7.09438
-7.2282
-7.36212
-7.49595
-7.62981
-7.76362
-7.89756
-8.03137
-8.16519
-8.29914
-8.43291
-8.56685
-8.70066
-8.83447
-8.96843
-9.10222
-9.23608
-9.36994
-9.50375
-9.63765
-9.7715
-9.90536
-10.0392
-10.1731
-10.3068
-10.4409
-10.5746
-10.7085
-10.8424
-10.9761
-11.1101
-11.2439
-11.3778
-11.5116
-11.6455
-11.7793
-11.9132
-12.0471
-12.1809
-12.3148
-12.4486
-12.5824
-12.7165
-12.8502
-12.984
-13.1179
-13.2518
-13.3856
