-0.203594
-0.404324
-0.610345
-0.814833
-1.01757
-1.21932
-1.42607
-1.62896
-1.83146
-2.03503
-2.23677
-2.44067
-2.64786
-2.84986
-3.05404
-3.2597
-3.46104
-3.66516
-3.86393
-4.06023
-4.27903
-4.48296
-4.68671
-4.89048
-5.09425
-5.29787
-5.5018
-5.70557
-5.90934
-6.11311
-6.31682
-6.5207
-6.7244
-6.9282
-7.13195
-7.33574
-7.5395
-7.74327
-7.94704
-8.15078
-8.3546
-8.55835
-8.76212
-8.96589
-9.16966
-9.37343
-9.57718
-9.78097
-9.98474
-10.1885
-10.3923
-10.5961
-10.7998
-11.0036
-11.2074
-11.4111
-11.6149
-11.8186
-12.0225
-12.2262
-12.43
-12.6338
-12.8375
-13.0413
-13.2451
-13.4488
-13.6527
-13.8564
-14.0602
-14.2639
-14.4677
-14.6715
-14.8752
-15.079
-15.2827
-15.4865
-15.6902
-15.8942
-16.0979
-16.3016
-16.5054
-16.7091
-16.9129
-17.1167
-17.3205
-17.5242
-17.728
-17.9318
-18.1356
-18.3393
-18.5431
-18.7469
-18.9506
-19.1543
-19.3583
-19.5619
-19.7657
-19.9695
-20.1733
-20.377
