-0.0786521
-0.156913
-0.235165
-0.314631
-0.391486
-0.468901
-0.550646
-0.628234
-0.706637
-0.784886
-0.86299
-0.941556
-1.02234
-1.10062
-1.17918
-1.25845
-1.33647
-1.41533
-1.49372
-1.57087
-1.65103
-1.72993
-1.80854
-1.88718
-1.96581
-2.04432
-2.12307
-2.20171
-2.28034
-2.35897
-2.43756
-2.51628
-2.59485
-2.67351
-2.75213
-2.83078
-2.9094
-2.98803
-3.06666
-3.14527
-3.22394
-3.30256
-3.38119
-3.45983
-3.53846
-3.61709
-3.6957
-3.77436
-3.85299
-3.93162
-4.01025
-4.08888
-4.16752
-4.24612
-4.3248
-4.40342
-4.48205
-4.56066
-4.63934
-4.71794
-4.79655
-4.87524
-4.95382
-5.03251
-5.11111
-5.18972
-5.26841
-5.347
-5.42564
-5.50427
-5.58288
-5.66153
-5.74017
-5.8188
-5.89741
-5.97606
-6.05462
-6.1334
-6.21196
-6.29059
-6.36922
-6.44779
-6.52649
-6.60512
-6.68376
-6.76239
-6.84102
-6.91963
-6.99828
-7.07692
-7.15553
-7.23418
-7.31281
-7.39138
-7.47016
-7.54871
-7.62732
-7.70597
-7.78461
-7.86323
