-0.20405
-0.404818
-0.610835
-0.815529
-1.01756
-1.21659
-1.42736
-1.62968
-1.83194
-2.03538
-2.23626
-2.4404
-2.6497
-2.85116
-3.05575
-3.26237
-3.4628
-3.66722
-3.86369
-4.05716
-4.2828
-4.48694
-4.69088
-4.89483
-5.09878
-5.30257
-5.50669
-5.71064
-5.91459
-6.11854
-6.32243
-6.5265
-6.73038
-6.93436
-7.13829
-7.34226
-7.5462
-7.75015
-7.95411
-8.15803
-8.36203
-8.56596
-8.76991
-8.97386
-9.17781
-9.38177
-9.58569
-9.78967
-9.99362
-10.1976
-10.4015
-10.6055
-10.8094
-11.0133
-11.2174
-11.4213
-11.6252
-11.8292
-12.0332
-12.2371
-12.441
-12.645
-12.8489
-13.0529
-13.2568
-13.4608
-13.6648
-13.8687
-14.0726
-14.2766
-14.4805
-14.6845
-14.8885
-15.0924
-15.2963
-15.5003
-15.7042
-15.9083
-16.1122
-16.3161
-16.5201
-16.7239
-16.928
-17.1319
-17.3359
-17.5398
-17.7438
-17.9477
-18.1517
-18.3556
-18.5595
-18.7635
-18.9675
-19.1713
-19.3755
-19.5793
-19.7833
-19.9872
-20.1912
-20.3951
