-0.20603
-0.409314
-0.616353
-0.824259
-1.02908
-1.23329
-1.44332
-1.64862
-1.8538
-2.0595
-2.26371
-2.47005
-2.68026
-2.88488
-3.0915
-3.29952
-3.50347
-3.71007
-3.91175
-4.11141
-4.33085
-4.53734
-4.74357
-4.94981
-5.15605
-5.36216
-5.56854
-5.77478
-5.98102
-6.18726
-6.39346
-6.59979
-6.80597
-7.01224
-7.21847
-7.42472
-7.63096
-7.8372
-8.04344
-8.24966
-8.45594
-8.66217
-8.86841
-9.07465
-9.28089
-9.48714
-9.69336
-9.89962
-10.1059
-10.3121
-10.5183
-10.7246
-10.9308
-11.137
-11.3433
-11.5496
-11.7558
-11.962
-12.1683
-12.3745
-12.5807
-12.787
-12.9932
-13.1995
-13.4057
-13.612
-13.8183
-14.0245
-14.2307
-14.4369
-14.6432
-14.8494
-15.0557
-15.2619
-15.4681
-15.6744
-15.8806
-16.087
-16.2931
-16.4994
-16.7056
-16.9118
-17.1181
-17.3243
-17.5306
-17.7368
-17.9431
-18.1493
-18.3555
-18.5618
-18.768
-18.9743
-19.1805
-19.3867
-19.5931
-19.7992
-20.0055
-20.2117
-20.418
-20.6242
