-0.1816
-0.360756
-0.543496
-0.726261
-0.906338
-1.08625
-1.27138
-1.45137
-1.63125
-1.81152
-1.98867
-2.17073
-2.3603
-2.53806
-2.72095
-2.90674
-3.083
-3.26547
-3.43442
-3.59916
-3.81609
-3.99792
-4.17962
-4.36134
-4.54307
-4.72461
-4.90651
-5.08824
-5.26996
-5.45168
-5.63334
-5.81519
-5.99683
-6.17858
-6.36029
-6.54203
-6.72374
-6.90547
-7.08719
-7.26888
-7.45066
-7.63236
-7.81408
-7.9958
-8.17753
-8.35925
-8.54094
-8.72269
-8.90442
-9.08614
-9.26786
-9.44958
-9.63131
-9.81299
-9.99478
-10.1765
-10.3582
-10.5399
-10.7217
-10.9034
-11.0851
-11.2669
-11.4485
-11.6303
-11.812
-11.9937
-12.1755
-12.3571
-12.5389
-12.7206
-12.9023
-13.084
-13.2658
-13.4475
-13.6292
-13.8109
-13.9925
-14.1745
-14.3561
-14.5378
-14.7195
-14.9012
-15.083
-15.2647
-15.4464
-15.6282
-15.8099
-15.9916
-16.1733
-16.3551
-16.5367
-16.7185
-16.9002
-17.0818
-17.2638
-17.4454
-17.6271
-17.8088
-17.9906
-18.1723
