-0.164414
-0.328934
-0.493104
-0.657668
-0.821382
-0.986067
-1.15049
-1.31364
-1.47815
-1.64127
-1.8048
-1.96899
-2.13679
-2.30112
-2.4652
-2.62985
-2.79409
-2.95849
-3.12319
-3.28628
-3.45305
-3.61262
-3.77682
-3.94103
-4.10524
-4.26925
-4.43367
-4.59788
-4.76209
-4.9263
-5.09043
-5.25478
-5.4189
-5.58315
-5.74734
-5.91157
-6.07577
-6.23998
-6.40419
-6.56836
-6.73263
-6.89682
-7.06103
-7.22524
-7.38945
-7.55366
-7.71783
-7.88208
-8.04629
-8.2105
-8.37471
-8.53892
-8.70313
-8.86729
-9.03158
-9.19576
-9.35997
-9.52414
-9.68843
-9.8526
-10.0168
-10.1811
-10.3452
-10.5095
-10.6736
-10.8378
-11.0021
-11.1663
-11.3305
-11.4947
-11.6589
-11.8231
-11.9873
-12.1515
-12.3157
-12.48
-12.644
-12.8085
-12.9726
-13.1368
-13.301
-13.4651
-13.6294
-13.7936
-13.9578
-14.1221
-14.2863
-14.4504
-14.6147
-14.7789
-14.9431
-15.1073
-15.2715
-15.4356
-15.6001
-15.7642
-15.9283
-16.0926
-16.2568
-16.421
