-0.151067
-0.303856
-0.453634
-0.604684
-0.756242
-0.910071
-1.05745
-1.20785
-1.36086
-1.51044
-1.66429
-1.8149
-1.96519
-2.11766
-2.26772
-2.41727
-2.57076
-2.72232
-2.88191
-3.0415
-3.16987
-3.31712
-3.46789
-3.61867
-3.76945
-3.92001
-4.07101
-4.22178
-4.37256
-4.52334
-4.67404
-4.82497
-4.97565
-5.12646
-5.27722
-5.42802
-5.57879
-5.72956
-5.88034
-6.03108
-6.18193
-6.33268
-6.48346
-6.63423
-6.78501
-6.93579
-7.08653
-7.23735
-7.38812
-7.5389
-7.68968
-7.84046
-7.99124
-8.14197
-8.29283
-8.44357
-8.59435
-8.74509
-8.89595
-9.04668
-9.19742
-9.34829
-9.49898
-9.64985
-9.80057
-9.95131
-10.1022
-10.2529
-10.4037
-10.5545
-10.7052
-10.856
-11.0068
-11.1576
-11.3083
-11.4591
-11.6098
-11.7608
-11.9115
-12.0622
-12.213
-12.3637
-12.5146
-12.6654
-12.8161
-12.9669
-13.1177
-13.2684
-13.4192
-13.57
-13.7208
-13.8716
-14.0224
-14.173
-14.3241
-14.4747
-14.6254
-14.7762
-14.927
-15.0778
