-0.0184639
-0.0368885
-0.0555507
-0.0736754
-0.0919868
-0.109969
-0.128767
-0.147155
-0.16547
-0.18409
-0.202388
-0.220811
-0.239235
-0.257316
-0.275709
-0.29445
-0.312542
-0.331076
-0.348971
-0.365518
-0.386701
-0.404934
-0.423331
-0.441736
-0.460142
-0.478448
-0.496957
-0.515362
-0.533768
-0.552174
-0.570544
-0.58902
-0.607377
-0.625802
-0.644198
-0.662615
-0.681013
-0.69942
-0.717826
-0.736212
-0.75465
-0.773043
-0.791449
-0.809855
-0.828261
-0.846667
-0.865052
-0.883478
-0.901884
-0.92029
-0.938696
-0.957102
-0.975508
-0.993891
-1.01234
-1.03072
-1.04913
-1.06752
-1.08596
-1.10435
-1.12273
-1.14119
-1.15955
-1.178
-1.19638
-1.21476
-1.23322
-1.25159
-1.27
-1.28841
-1.30679
-1.32522
-1.34362
-1.36203
-1.38042
-1.39884
-1.41719
-1.43572
-1.45406
-1.47246
-1.49087
-1.50922
-1.52768
-1.54609
-1.56449
-1.5829
-1.60131
-1.61969
-1.63812
-1.65652
-1.67491
-1.69333
-1.71174
-1.73009
-1.74862
-1.76696
-1.78534
-1.80377
-1.82217
-1.84058
